../Core/Src/main.c:14:6:delay_init	4	static
../Core/Src/main.c:20:6:delay	16	static
../Core/Src/main.c:35:6:LED_Init	16	static
../Core/Src/main.c:47:6:LED_ctrl	24	static
../Core/Src/main.c:57:6:button_init	24	static
../Core/Src/main.c:65:6:get_button	16	static
../Core/Src/main.c:71:6:EXTIO_Custom_Handler	4	static
../Core/Src/main.c:75:6:EXTI0_init	24	static
../Core/Src/main.c:87:6:EXTI0_IRQHandler	16	static,ignoring_inline_asm
../Core/Src/main.c:93:6:EXTIO_custom_Handler	16	static
../Core/Src/main.c:98:6:UART_Init	40	static
../Core/Src/main.c:122:6:UART_Send_1Byte	24	static
../Core/Src/main.c:131:6:UART_Send_Multi_Byte	24	static
../Core/Src/main.c:145:6:UART2_IRQHandler	16	static
../Core/Src/main.c:155:6:ADC_init	40	static
../Core/Src/main.c:177:10:Read_ADC	24	static
../Core/Src/main.c:189:5:main	8	static
../Core/Src/main.c:205:6:SystemClock_Config	88	static
../Core/Src/main.c:235:13:MX_GPIO_Init	16	static
../Core/Src/main.c:243:6:Error_Handler	4	static,ignoring_inline_asm
